OOV check failed for inserted word: ، at sentence index 16
OOV check failed for inserted word: " at sentence index 21
OOV check failed for inserted word: " at sentence index 21
OOV check failed for inserted word: ۔ at sentence index 30
OOV check failed for inserted word: ، at sentence index 43
OOV check failed for inserted word: ، at sentence index 43
OOV check failed for inserted word: ، at sentence index 88
OOV check failed for inserted word: ، at sentence index 90
OOV check failed for deleted word: ۔ at sentence index 96
OOV check failed for substitution: ۔ -> ، at sentence index 96
OOV check failed for inserted word: ۔ at sentence index 121
OOV check failed for inserted word: ۔ at sentence index 128
OOV check failed for inserted word: ، at sentence index 129
OOV check failed for inserted word: ، at sentence index 137
OOV check failed for inserted word: ، at sentence index 145
OOV check failed for inserted word: ، at sentence index 145
OOV check failed for inserted word: ، at sentence index 149
OOV check failed for inserted word: ، at sentence index 178
OOV check failed for inserted word: ، at sentence index 179
OOV check failed for substitution: اخبار -> ' at sentence index 179
OOV check failed for substitution: ۔ -> ' at sentence index 179
OOV check failed for deleted word: ، at sentence index 179
OOV check failed for inserted word: ۔ at sentence index 179
OOV check failed for inserted word: ، at sentence index 182
OOV check failed for substitution: میں -> ، at sentence index 182
OOV check failed for inserted word: ۔ at sentence index 183
OOV check failed for inserted word: ، at sentence index 186
OOV check failed for substitution: ۔ -> ، at sentence index 188
OOV check failed for deleted word: ۔ at sentence index 188
OOV check failed for inserted word: ۔ at sentence index 192
OOV check failed for inserted word: ! at sentence index 277
OOV check failed for substitution: را -> ، at sentence index 514
OOV check failed for substitution: و -> ، at sentence index 518
OOV check failed for deleted word: " at sentence index 523
OOV check failed for substitution: ۔ -> - at sentence index 524
OOV check failed for inserted word: ، at sentence index 533
OOV check failed for inserted word: ۔ at sentence index 533
OOV check failed for substitution: کم -> ۔ at sentence index 535
OOV check failed for deleted word: ۔ at sentence index 563
OOV check failed for inserted word: ۔ at sentence index 620
OOV check failed for inserted word: ۔ at sentence index 621
OOV check failed for inserted word: ؟ at sentence index 622
OOV check failed for inserted word: ؟ at sentence index 624
OOV check failed for inserted word: ۔ at sentence index 625
OOV check failed for deleted word: ؟ at sentence index 628
OOV check failed for inserted word: ۔ at sentence index 629
OOV check failed for inserted word: ۔ at sentence index 630
OOV check failed for inserted word: ۔ at sentence index 640
OOV check failed for inserted word: ۔ at sentence index 641
OOV check failed for inserted word: ۔ at sentence index 649
OOV check failed for substitution: و۔ -> ۔ at sentence index 650
OOV check failed for inserted word: ۔ at sentence index 656
OOV check failed for inserted word: ۔ at sentence index 663
OOV check failed for inserted word: ۔ at sentence index 664
OOV check failed for inserted word: ۔ at sentence index 671
OOV check failed for inserted word: ۔ at sentence index 686
OOV check failed for deleted word: ؟ at sentence index 687
OOV check failed for inserted word: ؟ at sentence index 699
OOV check failed for inserted word: , at sentence index 714
OOV check failed for inserted word: ؟ at sentence index 715
OOV check failed for inserted word: . at sentence index 716
OOV check failed for inserted word: ۔ at sentence index 718
OOV check failed for inserted word: ۔ at sentence index 720
OOV check failed for inserted word: ۔ at sentence index 724
OOV check failed for inserted word: ۔ at sentence index 727
OOV check failed for inserted word: ، at sentence index 734
OOV check failed for inserted word: ۔ at sentence index 739
OOV check failed for inserted word: ، at sentence index 740
OOV check failed for inserted word: ۔ at sentence index 741
OOV check failed for substitution: . -> ؟ at sentence index 744
OOV check failed for inserted word: ۔ at sentence index 745
OOV check failed for inserted word: ۔ at sentence index 747
OOV check failed for substitution: : -> ۔ at sentence index 747
OOV check failed for inserted word: ، at sentence index 749
OOV check failed for inserted word: ۔ at sentence index 749
OOV check failed for inserted word: ۔ at sentence index 750
OOV check failed for substitution: اور -> ، at sentence index 751
OOV check failed for substitution: چاہیے -> ۔ at sentence index 751
OOV check failed for inserted word: ۔ at sentence index 752
OOV check failed for inserted word: ، at sentence index 753
OOV check failed for inserted word: ۔ at sentence index 753
OOV check failed for inserted word: ۔ at sentence index 757
OOV check failed for inserted word: , at sentence index 758
OOV check failed for inserted word: ، at sentence index 758
OOV check failed for inserted word: ۔ at sentence index 758
OOV check failed for inserted word: ۔ at sentence index 760
OOV check failed for inserted word: ۔ at sentence index 761
OOV check failed for inserted word: ۔ at sentence index 764
OOV check failed for inserted word: ، at sentence index 765
OOV check failed for inserted word: ، at sentence index 765
OOV check failed for inserted word: ، at sentence index 766
OOV check failed for inserted word: ۔ at sentence index 766
OOV check failed for inserted word: ۔ at sentence index 767
OOV check failed for inserted word: ۔ at sentence index 770
OOV check failed for inserted word: ۔ at sentence index 771
OOV check failed for inserted word: ۔ at sentence index 772
OOV check failed for deleted word: ۔ at sentence index 775
OOV check failed for substitution: اگر -> ، at sentence index 778
OOV check failed for inserted word: ، at sentence index 778
OOV check failed for inserted word: ۔ at sentence index 779
OOV check failed for inserted word: ، at sentence index 780
OOV check failed for inserted word: ۔ at sentence index 780
OOV check failed for inserted word: ۔ at sentence index 783
OOV check failed for substitution: آتی -> . at sentence index 786
OOV check failed for inserted word: ، at sentence index 788
OOV check failed for inserted word: ۔ at sentence index 789
OOV check failed for inserted word: ۔ at sentence index 790
OOV check failed for substitution: . -> ۔ at sentence index 792
OOV check failed for inserted word: ۔ at sentence index 794
OOV check failed for inserted word: ۔ at sentence index 795
OOV check failed for inserted word: ۔ at sentence index 797
OOV check failed for inserted word: ۔ at sentence index 800
OOV check failed for deleted word: ۔ at sentence index 801
OOV check failed for substitution: ، -> اور at sentence index 804
OOV check failed for deleted word: ۔ at sentence index 806
OOV check failed for inserted word: ۔ at sentence index 806
OOV check failed for inserted word: ۔ at sentence index 809
OOV check failed for inserted word: . at sentence index 811
OOV check failed for inserted word: . at sentence index 812
OOV check failed for inserted word: ۔ at sentence index 814
OOV check failed for inserted word: ، at sentence index 819
OOV check failed for inserted word: ، at sentence index 820
OOV check failed for inserted word: ۔ at sentence index 820
OOV check failed for substitution: جس -> ۔ at sentence index 821
OOV check failed for inserted word: ۔ at sentence index 822
OOV check failed for deleted word: ، at sentence index 825
OOV check failed for inserted word: ۔ at sentence index 825
OOV check failed for inserted word: ، at sentence index 826
OOV check failed for inserted word: ۔ at sentence index 826
OOV check failed for inserted word: ۔ at sentence index 826
OOV check failed for inserted word: ۔ at sentence index 827
OOV check failed for inserted word: ۔ at sentence index 828
OOV check failed for inserted word: ۔ at sentence index 829
OOV check failed for inserted word: ۔ at sentence index 830
OOV check failed for inserted word: ۔ at sentence index 831
OOV check failed for inserted word: ۔ at sentence index 832
OOV check failed for inserted word: ۔ at sentence index 832
OOV check failed for inserted word: ، at sentence index 834
OOV check failed for substitution: ۔ -> کیوںکہ at sentence index 834
OOV check failed for inserted word: ۔ at sentence index 834
OOV check failed for deleted word: ۔ at sentence index 835
OOV check failed for inserted word: ۔ at sentence index 835
OOV check failed for inserted word: ۔ at sentence index 836
OOV check failed for inserted word: ۔ at sentence index 837
OOV check failed for inserted word: ۔ at sentence index 838
OOV check failed for inserted word: ۔ at sentence index 839
OOV check failed for inserted word: ۔ at sentence index 841
OOV check failed for inserted word: ۔ at sentence index 843
OOV check failed for inserted word: ۔ at sentence index 844
OOV check failed for inserted word: ، at sentence index 845
OOV check failed for inserted word: ۔ at sentence index 846
OOV check failed for inserted word: ، at sentence index 847
OOV check failed for inserted word: ، at sentence index 847
OOV check failed for inserted word: ۔ at sentence index 847
OOV check failed for inserted word: ۔ at sentence index 848
OOV check failed for substitution: کے -> ، at sentence index 849
OOV check failed for inserted word: ۔ at sentence index 849
OOV check failed for inserted word: ۔ at sentence index 850
OOV check failed for inserted word: ۔ at sentence index 851
OOV check failed for inserted word: ، at sentence index 852
OOV check failed for inserted word: ۔ at sentence index 852
OOV check failed for inserted word: ۔ at sentence index 853
OOV check failed for inserted word: ۔ at sentence index 854
OOV check failed for inserted word: ۔ at sentence index 855
OOV check failed for substitution: ، -> اور at sentence index 940
OOV check failed for substitution: ، -> اور at sentence index 982
OOV check failed for inserted word: ؟ at sentence index 996
OOV check failed for inserted word: ، at sentence index 1026
OOV check failed for substitution: ، -> اور at sentence index 1049
OOV check failed for substitution: ۔ -> کہ at sentence index 1061
OOV check failed for inserted word: ، at sentence index 1063
OOV check failed for inserted word: ۔ at sentence index 1076
OOV check failed for inserted word: ، at sentence index 1087
OOV check failed for inserted word: : at sentence index 1089
OOV check failed for inserted word: ، at sentence index 1091
OOV check failed for inserted word: ۔ at sentence index 1097
OOV check failed for deleted word: ۔ at sentence index 1101
OOV check failed for deleted word: ۔ at sentence index 1102
OOV check failed for inserted word: ۔ at sentence index 1105
OOV check failed for inserted word: ۔ at sentence index 1107
OOV check failed for inserted word: ۔ at sentence index 1107
OOV check failed for inserted word: ، at sentence index 1120
OOV check failed for inserted word: ، at sentence index 1120
OOV check failed for inserted word: ؟ at sentence index 1120
OOV check failed for inserted word: ، at sentence index 1132
OOV check failed for deleted word: ۔ at sentence index 1136
OOV check failed for deleted word: ۔ at sentence index 1146
OOV check failed for inserted word: ، at sentence index 1152
OOV check failed for inserted word: ۔ at sentence index 1152
OOV check failed for inserted word: ۔ at sentence index 1154
OOV check failed for inserted word: ۔ at sentence index 1156
OOV check failed for inserted word: ۔ at sentence index 1164
OOV check failed for deleted word: ۔ at sentence index 1170
OOV check failed for inserted word: ۔ at sentence index 1179
OOV check failed for substitution: ۔ -> اور at sentence index 1179
OOV check failed for substitution: - -> کہ at sentence index 1180
OOV check failed for inserted word: ۔ at sentence index 1181
OOV check failed for deleted word: ، at sentence index 1183
OOV check failed for substitution: ، -> اور at sentence index 1184
OOV check failed for inserted word: ۔ at sentence index 1200
OOV check failed for inserted word: ۔ at sentence index 1211
OOV check failed for deleted word: ۔ at sentence index 1220
OOV check failed for inserted word: ، at sentence index 1223
OOV check failed for inserted word: ، at sentence index 1228
OOV check failed for substitution: ہے -> ، at sentence index 1229
OOV check failed for inserted word: ۔ at sentence index 1229
OOV check failed for inserted word: ، at sentence index 1230
OOV check failed for inserted word: ، at sentence index 1230
OOV check failed for inserted word: ، at sentence index 1231
OOV check failed for inserted word: ، at sentence index 1231
OOV check failed for substitution: ہم -> ۔ at sentence index 1241
OOV check failed for inserted word: ؟ at sentence index 1245
OOV check failed for substitution: ۔ -> ؟ at sentence index 1252
OOV check failed for substitution: ۔ -> ؟ at sentence index 1254
OOV check failed for substitution: اور -> ، at sentence index 1266
OOV check failed for inserted word: ، at sentence index 1271
OOV check failed for deleted word: ۔ at sentence index 1274
OOV check failed for inserted word: ، at sentence index 1306
OOV check failed for inserted word: ، at sentence index 1312
OOV check failed for inserted word: ، at sentence index 1373
OOV check failed for inserted word: ، at sentence index 1377
OOV check failed for deleted word: ، at sentence index 1385
OOV check failed for inserted word: ، at sentence index 1400
OOV check failed for inserted word: ، at sentence index 1424
OOV check failed for inserted word: ، at sentence index 1432
OOV check failed for inserted word: ، at sentence index 1437
OOV check failed for inserted word: ، at sentence index 1442
OOV check failed for inserted word: ، at sentence index 1442
OOV check failed for inserted word: ۔ at sentence index 1461
OOV check failed for inserted word: ، at sentence index 1494
OOV check failed for inserted word: ، at sentence index 1496
OOV check failed for inserted word: ؟ at sentence index 1500
OOV check failed for substitution: کہ -> ، at sentence index 1516
OOV check failed for inserted word: ، at sentence index 1517
OOV check failed for inserted word: ، at sentence index 1529
OOV check failed for inserted word: ، at sentence index 1531
OOV check failed for inserted word: ، at sentence index 1532
OOV check failed for inserted word: ، at sentence index 1532
OOV check failed for inserted word: ، at sentence index 1533
OOV check failed for inserted word: ؟ at sentence index 1534
OOV check failed for inserted word: ، at sentence index 1535
OOV check failed for inserted word: ، at sentence index 1539
OOV check failed for inserted word: ، at sentence index 1565
OOV check failed for inserted word: ۔ at sentence index 1579
OOV check failed for inserted word: ، at sentence index 1579
OOV check failed for inserted word: ، at sentence index 1582
OOV check failed for inserted word: ، at sentence index 1582
OOV check failed for inserted word: ، at sentence index 1588
OOV check failed for inserted word: ۔ at sentence index 1591
OOV check failed for substitution: ۔ -> ؟ at sentence index 1592
OOV check failed for substitution: کہ -> : at sentence index 1598
OOV check failed for substitution: ، -> اور at sentence index 1598
OOV check failed for inserted word: ۔ at sentence index 1598
OOV check failed for inserted word: ، at sentence index 1600
OOV check failed for inserted word: ، at sentence index 1604
