OOV check failed for insertion context around: میں at sentence index 8
OOV check failed for substitution: لئے -> لیے at sentence index 17
OOV check failed for insertion context around: ہے at sentence index 17
OOV check failed for deletion context around: ہے at sentence index 19
OOV check failed for substitution: کررہے -> کررہا at sentence index 22
OOV check failed for substitution: دے -> دٰیں at sentence index 25
OOV check failed for substitution: بنائے -> بنانے at sentence index 29
OOV check failed for insertion context around: کا at sentence index 29
OOV check failed for substitution: ہم۔ -> ہم at sentence index 30
OOV check failed for substitution: آئیے -> آئیں at sentence index 40
OOV check failed for insertion context around: جیسے at sentence index 43
OOV check failed for substitution: اسلاماباد -> اسلام at sentence index 43
OOV check failed for inserted word: آباد at sentence index 43
OOV check failed for substitution: لہاز -> لحاظ at sentence index 46
OOV check failed for substitution: آم -> عام at sentence index 48
OOV check failed for substitution: آم -> عام at sentence index 50
OOV check failed for substitution: جوکے -> جوکہ at sentence index 51
OOV check failed for substitution: آم -> عام at sentence index 52
OOV check failed for substitution: ذمیر -> زمیر at sentence index 53
OOV check failed for substitution: مسروف -> مصروف at sentence index 54
OOV check failed for substitution: ذمانے -> زمانے at sentence index 58
OOV check failed for substitution: آتی -> آتیں at sentence index 58
OOV check failed for deleted word: آپ at sentence index 61
OOV check failed for deletion context around: نے at sentence index 61
OOV check failed for substitution: کھینچہ -> کھینچا at sentence index 61
OOV check failed for substitution: بندہ -> آدمی at sentence index 64
OOV check failed for substitution: جائے -> جائیں at sentence index 65
OOV check failed for substitution: ہزاوں -> ہزاروں at sentence index 67
OOV check failed for substitution: بندہ -> آدمی at sentence index 69
OOV check failed for deletion context around: خط at sentence index 72
OOV check failed for substitution: نصلی -> نسلی at sentence index 74
OOV check failed for substitution: انداذ -> انداز at sentence index 75
OOV check failed for substitution: بستیوں -> آبادیوں at sentence index 79
OOV check failed for substitution: انٹلکچلز -> دانشور at sentence index 81
OOV check failed for substitution: مسائل -> مثائل at sentence index 82
OOV check failed for substitution: مثائل -> مسائل at sentence index 83
OOV check failed for deletion context around: ہوتی at sentence index 84
OOV check failed for substitution: لئے -> لٓیے at sentence index 88
OOV check failed for substitution: مثائل -> مسائل at sentence index 90
OOV check failed for substitution: ابٹآرے -> استعمال at sentence index 94
OOV check failed for deleted word: اتجادتں at sentence index 95
OOV check failed for deletion context around: ہے at sentence index 96
OOV check failed for deletion context around: وہ at sentence index 96
OOV check failed for deleted word: آج at sentence index 96
OOV check failed for deletion context around: بھی at sentence index 96
OOV check failed for substitution: آئے -> آئیں at sentence index 100
OOV check failed for substitution: کرلیا -> ہوگئے at sentence index 101
OOV check failed for substitution: رحایش -> رہائش at sentence index 103
OOV check failed for substitution: لئیے -> لیے at sentence index 103
OOV check failed for substitution: اپ -> آپ at sentence index 103
OOV check failed for substitution: دکھینگی -> دکھیں at sentence index 103
OOV check failed for insertion context around: گی at sentence index 103
OOV check failed for substitution: دکھیںگے -> دکھیں at sentence index 104
OOV check failed for insertion context around: گے at sentence index 104
OOV check failed for substitution: پونگے -> ہونگے at sentence index 105
OOV check failed for substitution: حونگے -> ہونگے at sentence index 105
OOV check failed for substitution: دکانے -> دکانیں at sentence index 106
OOV check failed for insertion context around: طور at sentence index 107
OOV check failed for inserted word: آپ at sentence index 110
OOV check failed for substitution: آپنے -> نے at sentence index 110
OOV check failed for deleted word: ہوئی at sentence index 112
OOV check failed for insertion context around: ہے at sentence index 115
OOV check failed for insertion context around: ہیں at sentence index 121
OOV check failed for substitution: ان -> اُن at sentence index 121
OOV check failed for substitution: میکین -> مکین at sentence index 122
OOV check failed for insertion context around: جاتیں at sentence index 122
OOV check failed for substitution: آئے -> آتا at sentence index 127
OOV check failed for deletion context around: گا at sentence index 127
OOV check failed for substitution: مال۔ -> مال at sentence index 128
OOV check failed for insertion context around: کو at sentence index 128
OOV check failed for insertion context around: کب at sentence index 130
OOV check failed for substitution: ہوئیں -> ہوں at sentence index 131
OOV check failed for insertion context around: کہ at sentence index 132
OOV check failed for substitution: کیا -> کرسکتا at sentence index 138
OOV check failed for deleted word: جاسکتا at sentence index 138
OOV check failed for insertion context around: اور at sentence index 145
OOV check failed for substitution: گیا -> گئی at sentence index 151
OOV check failed for substitution: مسکل -> مشکل at sentence index 153
OOV check failed for substitution: چکہ -> چکے at sentence index 154
OOV check failed for substitution: منایا -> منائی at sentence index 172
OOV check failed for deletion context around: نہیں at sentence index 178
OOV check failed for substitution: ڈومسائل -> ڈومیسائل at sentence index 178
OOV check failed for deletion context around: بھی at sentence index 178
OOV check failed for inserted word: آیا at sentence index 179
OOV check failed for inserted word: آپ at sentence index 179
OOV check failed for deletion context around: ہیں at sentence index 179
OOV check failed for deletion context around: جنگ at sentence index 179
OOV check failed for deletion context around: یاد at sentence index 179
OOV check failed for deleted word: آیا at sentence index 179
OOV check failed for deletion context around: کراچی at sentence index 179
OOV check failed for deletion context around: بے at sentence index 179
Error processing substitution: list index out of range at sentence index 179
OOV check failed for insertion context around: ہونگے at sentence index 179
Error processing substitution: list index out of range at sentence index 180
OOV check failed for insertion context around: نہیں at sentence index 181
OOV check failed for insertion context around: بیرون at sentence index 182
OOV check failed for insertion context around: ملک at sentence index 182
OOV check failed for substitution: آئے -> رہیں at sentence index 182
OOV check failed for insertion context around: میں at sentence index 184
OOV check failed for substitution: خواتین -> خاتونیت at sentence index 185
OOV check failed for insertion context around: صحیح at sentence index 186
OOV check failed for insertion context around: مگر at sentence index 186
OOV check failed for substitution: گئی -> جا at sentence index 187
OOV check failed for deletion context around: یہاں at sentence index 188
OOV check failed for deletion context around: اپنے at sentence index 191
OOV check failed for substitution: باسندوں -> باشندوں at sentence index 191
OOV check failed for insertion context around: تھے at sentence index 197
OOV check failed for insertion context around: پر at sentence index 203
OOV check failed for insertion context around: ہونا at sentence index 203
Error processing insertion: list index out of range at sentence index 203
OOV check failed for insertion context around: میں at sentence index 204
OOV check failed for inserted word: بھائی at sentence index 204
OOV check failed for insertion context around: چارہ at sentence index 204
OOV check failed for insertion context around: ہر at sentence index 204
OOV check failed for inserted word: کوئی at sentence index 204
Error processing insertion: list index out of range at sentence index 204
OOV check failed for deletion context around: ہیں at sentence index 206
OOV check failed for substitution: مشکلاتوں -> مشکلات at sentence index 213
OOV check failed for substitution: یہیں -> یہں at sentence index 215
OOV check failed for deletion context around: صاحبہ at sentence index 217
OOV check failed for substitution: آئی -> آیا at sentence index 219
OOV check failed for substitution: ہورہی -> ہورہا at sentence index 220
OOV check failed for substitution: چلایا -> چلائی at sentence index 222
OOV check failed for substitution: گئی -> گیا at sentence index 227
OOV check failed for substitution: گئی -> گیا at sentence index 236
OOV check failed for substitution: کئچڑ -> کیچڑ at sentence index 237
OOV check failed for substitution: بھارا -> بھاری at sentence index 238
OOV check failed for substitution: گئے -> گئی at sentence index 240
OOV check failed for deletion context around: نہ at sentence index 245
OOV check failed for substitution: فائدہ -> فائدے at sentence index 248
OOV check failed for substitution: ہکے -> ہکا at sentence index 252
OOV check failed for substitution: جلوہِ -> جلوۂ at sentence index 271
OOV check failed for substitution: گرمیٔ -> گرمیِ at sentence index 272
OOV check failed for substitution: سعیٔ -> سعیِ at sentence index 272
OOV check failed for substitution: لاؤ -> لائیں at sentence index 273
OOV check failed for substitution: جاؤ -> جائیں at sentence index 274
OOV check failed for substitution: ہوئیں -> ہوئی at sentence index 276
OOV check failed for substitution: آؤ -> آئیے at sentence index 277
OOV check failed for substitution: آؤ -> آئیے at sentence index 277
OOV check failed for substitution: ہوگیا -> ہوگئی at sentence index 280
OOV check failed for substitution: آگئی -> آگیا at sentence index 281
OOV check failed for substitution: دھولو -> دھولیں at sentence index 282
OOV check failed for substitution: گیا -> گئے at sentence index 283
OOV check failed for substitution: آئی -> آیا at sentence index 284
OOV check failed for substitution: گیا -> گئے at sentence index 285
OOV check failed for deletion context around: کو at sentence index 295
OOV check failed for substitution: نیل -> نیلِ at sentence index 319
OOV check failed for deletion context around: و at sentence index 319
OOV check failed for substitution: کرسکتے -> سکتے at sentence index 320
OOV check failed for deletion context around: معلوم at sentence index 321
OOV check failed for substitution: ہوئی -> ملی at sentence index 321
OOV check failed for deletion context around: پر at sentence index 322
OOV check failed for deleted word: لبِ at sentence index 322
OOV check failed for substitution: منائیں -> مانیں at sentence index 325
OOV check failed for substitution: چیرو -> کاٹو at sentence index 341
Error processing insertion: 'NoneType' object has no attribute 'upos' at sentence index 350
OOV check failed for substitution: آئے -> آگئے at sentence index 356
OOV check failed for substitution: آگئے -> آگیا at sentence index 360
OOV check failed for substitution: لڑائیاں -> لڑائی at sentence index 377
Error processing substitution: list index out of range at sentence index 392
Error processing substitution: list index out of range at sentence index 393
Error processing substitution: list index out of range at sentence index 394
OOV check failed for deletion context around: نے at sentence index 405
OOV check failed for deletion context around: نے at sentence index 406
OOV check failed for substitution: آتے -> آتی at sentence index 407
OOV check failed for substitution: آتا -> آتی at sentence index 408
OOV check failed for substitution: جاؤ‎ -> جاؤ at sentence index 409
OOV check failed for substitution: غصّہ -> غصّے at sentence index 410
OOV check failed for substitution: باک -> باق at sentence index 411
OOV check failed for substitution: لاؤ -> لے at sentence index 414
OOV check failed for inserted word: آؤ at sentence index 414
OOV check failed for substitution: آتی -> آتا at sentence index 415
OOV check failed for substitution: ہو -> ہوگئی at sentence index 426
OOV check failed for deletion context around: نہ at sentence index 429
OOV check failed for substitution: برخلااف -> خلااف at sentence index 435
OOV check failed for substitution: چُکی -> چوکنا at sentence index 436
OOV check failed for substitution: گئے -> گئی at sentence index 439
OOV check failed for substitution: آگیا -> آگئے at sentence index 440
OOV check failed for substitution: گئے -> گیا at sentence index 441
OOV check failed for substitution: گیا -> گئے at sentence index 442
OOV check failed for substitution: آتی -> آتے at sentence index 443
OOV check failed for deletion context around: نے at sentence index 449
OOV check failed for substitution: گئیں -> گئی at sentence index 450
OOV check failed for substitution: سیاہی -> روشنائی at sentence index 453
OOV check failed for substitution: الواقای -> الواقع at sentence index 455
OOV check failed for substitution: دوائی -> دوا at sentence index 456
OOV check failed for substitution: برائے -> براہ at sentence index 457
OOV check failed for substitution: کھائی -> کھایا at sentence index 467
OOV check failed for deletion context around: دونوں at sentence index 471
OOV check failed for substitution: اپ -> آپ at sentence index 479
OOV check failed for substitution: اباد -> آباد at sentence index 483
Error processing insertion: 'NoneType' object has no attribute 'upos' at sentence index 484
OOV check failed for substitution: ہو -> ہوگئے at sentence index 487
OOV check failed for deleted word: گئے at sentence index 487
OOV check failed for substitution: اس -> اِس at sentence index 488
OOV check failed for substitution: فاقے -> فاقون at sentence index 488
OOV check failed for substitution: ایا -> آئے at sentence index 489
OOV check failed for substitution: گیا -> گئی at sentence index 490
Error processing substitution: list index out of range at sentence index 492
OOV check failed for substitution: افت -> آفت at sentence index 493
OOV check failed for substitution: اتا -> آتا at sentence index 495
OOV check failed for substitution: گئی -> گیا at sentence index 496
OOV check failed for substitution: کرتوتیں -> کرتوت at sentence index 497
OOV check failed for substitution: ائی -> آیا at sentence index 498
OOV check failed for substitution: اپ -> آپ at sentence index 499
OOV check failed for substitution: آگئیں -> آگئے at sentence index 508
OOV check failed for substitution: چینی -> چانی at sentence index 509
OOV check failed for substitution: گئی -> گئے at sentence index 512
OOV check failed for substitution: گئے -> گیا at sentence index 513
OOV check failed for substitution: گئے -> گئی at sentence index 514
OOV check failed for substitution: گیا -> گئے at sentence index 518
OOV check failed for substitution: جارہا -> جارہی at sentence index 519
OOV check failed for insertion context around: بھا at sentence index 520
OOV check failed for substitution: بھانجالڑ -> نجالڑ at sentence index 520
OOV check failed for substitution: بڑھا -> بڑھادیتے at sentence index 522
OOV check failed for substitution: گئیں -> کئی at sentence index 523
OOV check failed for substitution: گئیں -> گئے at sentence index 524
OOV check failed for substitution: گئیں -> گئی at sentence index 525
OOV check failed for substitution: آرہا -> آرہے at sentence index 526
OOV check failed for substitution: گئیں -> گئی at sentence index 527
OOV check failed for substitution: نجا -> نجالڑ at sentence index 529
OOV check failed for substitution: جائیں -> جائے at sentence index 531
OOV check failed for substitution: ہو -> ہوئی at sentence index 532
OOV check failed for deleted word: ئیں at sentence index 532
Error processing insertion: 'NoneType' object has no attribute 'upos' at sentence index 533
OOV check failed for substitution: جائید -> جائیداد at sentence index 535
OOV check failed for substitution: ادسب -> سب at sentence index 535
OOV check failed for insertion context around: گیا at sentence index 535
OOV check failed for substitution: گئے -> گئی at sentence index 536
OOV check failed for substitution: گئیں -> گئی at sentence index 537
OOV check failed for substitution: گئے -> گیا at sentence index 539
OOV check failed for substitution: ماتھے -> آنکھوں at sentence index 546
OOV check failed for deletion context around: ہیں at sentence index 551
OOV check failed for substitution: آن -> آج at sentence index 553
OOV check failed for substitution: ہوا -> ہوئی at sentence index 553
OOV check failed for substitution: گیا -> گئی at sentence index 555
OOV check failed for substitution: گیا -> گئی at sentence index 556
OOV check failed for deleted word: فرداری at sentence index 560
OOV check failed for substitution: انبیاؤں -> انبیاء at sentence index 561
OOV check failed for substitution: اولیاؤں -> اولیاء at sentence index 561
OOV check failed for substitution: کھتی -> کھٹا at sentence index 572
OOV check failed for substitution: ہوا -> ہوئی at sentence index 573
OOV check failed for substitution: برائے -> یر at sentence index 576
OOV check failed for deleted word: پہار at sentence index 577
OOV check failed for substitution: دوبڑا -> وہ at sentence index 578
OOV check failed for substitution: الضحی -> الاضحی at sentence index 581
OOV check failed for substitution: باک -> باق at sentence index 582
OOV check failed for substitution: کھاناکھلانا -> کھلانا at sentence index 583
OOV check failed for substitution: نقطہ -> حمتہ at sentence index 584
OOV check failed for deletion context around: سید at sentence index 591
OOV check failed for substitution: الگائی -> صدالگائی at sentence index 591
OOV check failed for substitution: فارہ -> فلاح at sentence index 594
OOV check failed for substitution: باتل -> باطل at sentence index 595
OOV check failed for substitution: ضائقہ -> ذائقہ at sentence index 596
OOV check failed for substitution: لمبس -> لمبیس at sentence index 599
OOV check failed for substitution: نیند -> آنکھ at sentence index 602
OOV check failed for substitution: خلاقہ -> حکومت at sentence index 603
OOV check failed for substitution: سیاہی -> روشنائی at sentence index 605
OOV check failed for substitution: شکریا -> شکریہ at sentence index 606
OOV check failed for substitution: نوازی -> فرمائی at sentence index 607
OOV check failed for substitution: خطرناق -> خطرناک at sentence index 609
OOV check failed for deletion context around: کے at sentence index 614
OOV check failed for deletion context around: دانہ at sentence index 615
OOV check failed for substitution: کئی -> سو at sentence index 617
OOV check failed for substitution: گئی -> گیا at sentence index 621
OOV check failed for substitution: بناؤ. -> بناؤ at sentence index 629
OOV check failed for substitution: گئی -> گیا at sentence index 630
OOV check failed for substitution: تالب -> طالب at sentence index 632
OOV check failed for substitution: اُردو -> اُردُو at sentence index 637
OOV check failed for substitution: آتی -> آتا at sentence index 645
OOV check failed for substitution: آئی -> آیا at sentence index 646
OOV check failed for substitution: اُس -> اُسے at sentence index 650
OOV check failed for deletion context around: کو at sentence index 650
OOV check failed for substitution: بلا -> بلاؤ at sentence index 650
OOV check failed for deleted word: وزا at sentence index 651
OOV check failed for substitution: آیا -> آئی at sentence index 652
OOV check failed for substitution: ہورہا -> ہورہی at sentence index 653
OOV check failed for substitution: قائدہ -> قاعدہ at sentence index 655
OOV check failed for substitution: بنائی -> بنایا at sentence index 656
OOV check failed for substitution: جاؤ -> جائیں at sentence index 660
OOV check failed for substitution: لئے -> لیے at sentence index 667
OOV check failed for substitution: لاؤ -> لائیں at sentence index 668
OOV check failed for substitution: گئیں -> گئی at sentence index 670
OOV check failed for substitution: قاعد -> قائد at sentence index 672
OOV check failed for substitution: ہٹایا -> ہٹائی at sentence index 673
OOV check failed for substitution: ملائی -> ملایا at sentence index 675
OOV check failed for substitution: گئی -> گیا at sentence index 675
OOV check failed for substitution: گئی -> گیا at sentence index 682
OOV check failed for substitution: کھائی -> کھایا at sentence index 692
OOV check failed for deletion context around: روٹی at sentence index 693
OOV check failed for substitution: ڈاکٹرنی -> ڈاکٹر at sentence index 694
OOV check failed for substitution: فیصلا -> فیصل at sentence index 695
OOV check failed for substitution: باد -> آباد at sentence index 695
OOV check failed for substitution: ضا -> ضائع at sentence index 697
Error processing deletion: 'NoneType' object has no attribute 'upos' at sentence index 700
OOV check failed for substitution: جا‎ؤ -> جاؤ at sentence index 700
OOV check failed for substitution: غصّہ -> غصّے at sentence index 701
OOV check failed for substitution: باک -> باق at sentence index 702
OOV check failed for substitution: لاؤ -> لے at sentence index 705
OOV check failed for inserted word: آؤ at sentence index 705
OOV check failed for substitution: آتی -> آتا at sentence index 706
OOV check failed for substitution: لھڑی -> بڑی at sentence index 711
OOV check failed for substitution: ماف -> معاف at sentence index 716
OOV check failed for substitution: زریہ -> زریعے at sentence index 718
OOV check failed for substitution: ہواہے -> ہوا at sentence index 718
OOV check failed for insertion context around: اور at sentence index 718
OOV check failed for insertion context around: ملتے at sentence index 718
OOV check failed for insertion context around: ہیں at sentence index 718
OOV check failed for substitution: لکریا -> لکٰڑیاں at sentence index 719
OOV check failed for deleted word: اخسی at sentence index 720
OOV check failed for substitution: جین -> آکسیجن at sentence index 720
OOV check failed for substitution: کیمتی -> قیمتی at sentence index 721
OOV check failed for substitution: بتائوں -> بتاوں at sentence index 721
OOV check failed for substitution: ذروری -> ضروری at sentence index 722
OOV check failed for substitution: ہمیے -> ہمیں at sentence index 725
OOV check failed for substitution: پیپر -> کاغز at sentence index 725
OOV check failed for substitution: کھیک -> تھیک at sentence index 726
OOV check failed for substitution: الودگی -> آلودگی at sentence index 727
OOV check failed for substitution: جاھو -> چھاوں at sentence index 729
OOV check failed for substitution: نہینے -> نہیں at sentence index 731
OOV check failed for substitution: چھوں -> چھاوں at sentence index 732
OOV check failed for substitution: دوپ -> دھوپ at sentence index 734
OOV check failed for deletion context around: جا at sentence index 734
OOV check failed for inserted word: آپ at sentence index 736
OOV check failed for substitution: موحول -> ماحول at sentence index 738
OOV check failed for deletion context around: بھی at sentence index 738
OOV check failed for substitution: آسیجن -> آکسیجن at sentence index 738
OOV check failed for substitution: دوائی -> ادویات at sentence index 739
OOV check failed for deletion context around: یاں at sentence index 739
OOV check failed for substitution: ابھی -> ۔ابھی at sentence index 740
OOV check failed for deletion context around: سے at sentence index 742
OOV check failed for substitution: ماہول -> ماحول at sentence index 742
Error processing substitution: list index out of range at sentence index 742
OOV check failed for substitution: اُگاے -> اُگائیں at sentence index 743
OOV check failed for insertion context around: ہے at sentence index 744
OOV check failed for substitution: آپابندی -> پابندی at sentence index 745
OOV check failed for substitution: آسے -> ایسے at sentence index 747
OOV check failed for substitution: زروری -> ضروری at sentence index 747
Error processing substitution: list index out of range at sentence index 747
OOV check failed for deletion context around: میں at sentence index 748
OOV check failed for insertion context around: ہے at sentence index 748
OOV check failed for insertion context around: ہے at sentence index 749
OOV check failed for substitution: جیسے -> ،جیسے at sentence index 749
OOV check failed for substitution: کوئی -> کسی at sentence index 749
OOV check failed for inserted word: پائیں at sentence index 749
OOV check failed for deletion context around: کیے at sentence index 749
OOV check failed for deleted word: گئے at sentence index 749
Error processing substitution: list index out of range at sentence index 749
OOV check failed for insertion context around: ہے at sentence index 749
OOV check failed for substitution: نہ -> بجائے at sentence index 751
OOV check failed for insertion context around: اور at sentence index 752
OOV check failed for substitution: آتا -> ہوتی at sentence index 754
OOV check failed for substitution: متابک -> مطابق at sentence index 756
OOV check failed for substitution: دبارا -> دوبارہ at sentence index 757
OOV check failed for deletion context around: وقت at sentence index 758
OOV check failed for substitution: فرک -> فرق at sentence index 758
OOV check failed for insertion context around: گا at sentence index 758
OOV check failed for insertion context around: کو at sentence index 758
OOV check failed for substitution: آج -> آپ at sentence index 759
OOV check failed for substitution: جائے -> جایئں at sentence index 759
OOV check failed for substitution: فائدے -> فوائد at sentence index 763
OOV check failed for substitution: توشن -> تیوشن at sentence index 765
OOV check failed for insertion context around: گے at sentence index 766
OOV check failed for substitution: چالے -> ہو at sentence index 766
OOV check failed for substitution: پڑای -> پڑھائی at sentence index 766
OOV check failed for substitution: سیکے -> سیکھیں at sentence index 767
OOV check failed for substitution: اوفس -> دفتر at sentence index 770
OOV check failed for substitution: ہے -> جائے at sentence index 771
OOV check failed for insertion context around: گا at sentence index 771
OOV check failed for inserted word: ذائع at sentence index 772
OOV check failed for substitution: کے -> نےکے at sentence index 772
Error processing insertion: list index out of range at sentence index 774
OOV check failed for substitution: ایک -> کوئی at sentence index 775
OOV check failed for deletion context around: بھی at sentence index 775
OOV check failed for substitution: کھراب -> خراب at sentence index 775
Error processing substitution: list index out of range at sentence index 775
OOV check failed for deleted word: لیئے at sentence index 778
OOV check failed for substitution: اپلائے -> درخواست at sentence index 778
Error processing insertion: 'NoneType' object has no attribute 'upos' at sentence index 778
OOV check failed for insertion context around: گے at sentence index 779
OOV check failed for substitution: لوگا -> گا at sentence index 781
OOV check failed for insertion context around: ہیں at sentence index 783
OOV check failed for substitution: جائینگے -> جائیں at sentence index 784
OOV check failed for deleted word: گئے at sentence index 785
OOV check failed for substitution: ہوتھے -> ہوں at sentence index 785
OOV check failed for substitution: جائیگی -> جائیں at sentence index 785
OOV check failed for insertion context around: گی at sentence index 785
OOV check failed for deletion context around: بھی at sentence index 785
Error processing substitution: list index out of range at sentence index 785
OOV check failed for substitution: اسانی -> آسان at sentence index 786
OOV check failed for substitution: لئے -> لیئے at sentence index 786
OOV check failed for deleted word: اتئی at sentence index 786
OOV check failed for inserted word: آجائے at sentence index 786
OOV check failed for insertion context around: تو at sentence index 786
OOV check failed for inserted word: ہوجاتی at sentence index 786
OOV check failed for substitution: لئے -> لیئے at sentence index 787
Error processing substitution: list index out of range at sentence index 787
OOV check failed for substitution: اچھا. -> اچھا at sentence index 788
OOV check failed for substitution: کھائے -> کھائیں at sentence index 788
OOV check failed for substitution: پیام -> پیئں at sentence index 788
OOV check failed for substitution: Cells -> خلیات at sentence index 789
OOV check failed for deletion context around: ہمارے at sentence index 789
Error processing substitution: list index out of range at sentence index 789
Error processing substitution: list index out of range at sentence index 789
OOV check failed for substitution: فیمس -> مشہور at sentence index 792
Error processing substitution: list index out of range at sentence index 793
OOV check failed for insertion context around: چاہیے at sentence index 794
OOV check failed for deletion context around: ان at sentence index 795
OOV check failed for substitution: جوئی -> مزے at sentence index 795
OOV check failed for substitution: کھائے -> کھائیں at sentence index 796
OOV check failed for substitution: گئے -> گے at sentence index 796
OOV check failed for substitution: چھٹیا -> چھٹیاں at sentence index 797
OOV check failed for deletion context around: یوں at sentence index 797
OOV check failed for substitution: چھٹیایوں -> چھٹیوں at sentence index 797
OOV check failed for insertion context around: سے at sentence index 797
OOV check failed for substitution: کریں -> کرسکیں at sentence index 797
OOV check failed for insertion context around: گے at sentence index 797
OOV check failed for substitution: باٹوں -> بتاو at sentence index 799
OOV check failed for substitution: کرںگے -> کریں at sentence index 802
Error processing insertion: 'NoneType' object has no attribute 'upos' at sentence index 802
OOV check failed for substitution: کرںگے -> کریں at sentence index 803
Error processing insertion: 'NoneType' object has no attribute 'upos' at sentence index 803
OOV check failed for substitution: آئے -> آئیں at sentence index 804
OOV check failed for substitution: فلمیے -> فلمیں at sentence index 805
OOV check failed for insertion context around: لوگ at sentence index 806
OOV check failed for insertion context around: تاکہ at sentence index 806
OOV check failed for deletion context around: کیا at sentence index 806
OOV check failed for substitution: کیتنا -> خوب at sentence index 806
OOV check failed for deletion context around: گے at sentence index 808
OOV check failed for substitution: گرمیو -> گرمیوں at sentence index 808
OOV check failed for substitution: اسلئے -> اسلیے at sentence index 809
OOV check failed for substitution: آئے -> آئیں at sentence index 809
Error processing deletion: 'NoneType' object has no attribute 'upos' at sentence index 812
OOV check failed for insertion context around: کے at sentence index 812
OOV check failed for substitution: آنے -> آئے at sentence index 813
OOV check failed for deletion context around: والی at sentence index 813
Error processing substitution: list index out of range at sentence index 813
OOV check failed for substitution: گئے -> گے at sentence index 813
OOV check failed for insertion context around: گے at sentence index 814
OOV check failed for substitution: انٹی -> آنٹی at sentence index 815
OOV check failed for substitution: کرِے -> کریں at sentence index 816
OOV check failed for substitution: آجائے -> آجائیں at sentence index 819
OOV check failed for substitution: کرئے -> کریں at sentence index 819
OOV check failed for substitution: گئے -> گے at sentence index 819
OOV check failed for substitution: کزارش -> سےگزارش at sentence index 820
OOV check failed for insertion context around: کہ at sentence index 820
OOV check failed for substitution: آجائے -> آجائیں at sentence index 820
OOV check failed for insertion context around: ہم at sentence index 820
OOV check failed for substitution: کئے -> کریں at sentence index 820
OOV check failed for substitution: گئے -> گے at sentence index 820
OOV check failed for substitution: مزان -> مزہ at sentence index 822
OOV check failed for insertion context around: سکیں at sentence index 822
OOV check failed for substitution: برآھی -> بھرآئی at sentence index 824
Error processing substitution: list index out of range at sentence index 825
OOV check failed for insertion context around: وہ at sentence index 826
OOV check failed for substitution: تھا. -> تھا at sentence index 826
OOV check failed for substitution: ہوگئے -> ہوگئی at sentence index 828
OOV check failed for substitution: فورن -> فاراََ at sentence index 829
OOV check failed for substitution: آگیا -> ہوگیا at sentence index 829
OOV check failed for deletion context around: کی at sentence index 830
OOV check failed for deleted word: خوشبھ at sentence index 830
Error processing substitution: list index out of range at sentence index 830
Error processing substitution: list index out of range at sentence index 830
OOV check failed for deleted word: واہان at sentence index 831
OOV check failed for deletion context around: جو at sentence index 831
Error processing substitution: list index out of range at sentence index 831
OOV check failed for deletion context around: ہی at sentence index 833
OOV check failed for substitution: جارہے -> رہے at sentence index 833
OOV check failed for substitution: لگائے -> لگایئں at sentence index 835
OOV check failed for substitution: پودھے -> پودے at sentence index 836
Error processing deletion: 'NoneType' object has no attribute 'upos' at sentence index 837
OOV check failed for substitution: آیا -> پہنچا at sentence index 837
Error processing insertion: list index out of range at sentence index 838
OOV check failed for insertion context around: گا at sentence index 838
OOV check failed for substitution: حالاتوں -> حالات at sentence index 840
OOV check failed for insertion context around: خراب at sentence index 841
OOV check failed for inserted word: ہوگئے at sentence index 841
OOV check failed for insertion context around: اور at sentence index 841
OOV check failed for substitution: گئے -> گیا at sentence index 841
OOV check failed for substitution: کومپی -> مقابلہ at sentence index 842
OOV check failed for deletion context around: ٹیشن at sentence index 842
OOV check failed for insertion context around: تھی at sentence index 843
OOV check failed for insertion context around: کھلی at sentence index 844
OOV check failed for deleted word: آدمی at sentence index 844
OOV check failed for inserted word: آدمی at sentence index 844
OOV check failed for deleted word: خلقان at sentence index 849
OOV check failed for inserted word: خلقان at sentence index 849
OOV check failed for deleted word: ہتا at sentence index 849
OOV check failed for substitution: ندارے -> پرندے at sentence index 851
OOV check failed for inserted word: کوئی at sentence index 852
OOV check failed for insertion context around: چیز at sentence index 852
OOV check failed for substitution: الفاظوں -> الفاظ at sentence index 854
OOV check failed for deletion context around: جو at sentence index 855
OOV check failed for deletion context around: تو at sentence index 856
OOV check failed for deletion context around: جو at sentence index 856
OOV check failed for deletion context around: وہ at sentence index 856
OOV check failed for substitution: الیکلم -> علیکم at sentence index 857
OOV check failed for deletion context around: و at sentence index 859
OOV check failed for deleted word: االی at sentence index 859
Error processing substitution: list index out of range at sentence index 859
OOV check failed for substitution: بہوت -> بہت at sentence index 860
OOV check failed for substitution: خسی -> خوشی at sentence index 860
OOV check failed for substitution: اہوگے -> اوگے at sentence index 860
OOV check failed for substitution: باعی -> بھائی at sentence index 862
OOV check failed for substitution: چاتی -> چاہتی at sentence index 863
OOV check failed for substitution: عسلام -> اسلام at sentence index 864
OOV check failed for deletion context around: و at sentence index 864
OOV check failed for substitution: عیکم -> علیکم at sentence index 864
OOV check failed for substitution: آراہے -> ارہے at sentence index 866
OOV check failed for substitution: اسالام -> اسلام at sentence index 867
OOV check failed for deletion context around: و at sentence index 867
OOV check failed for substitution: ایلیکوم -> علیکم at sentence index 867
OOV check failed for substitution: زرور -> ضرور at sentence index 870
OOV check failed for substitution: خش -> خوش at sentence index 871
OOV check failed for substitution: ذرور -> ضرور at sentence index 872
OOV check failed for substitution: دیرا -> دیتا at sentence index 873
OOV check failed for substitution: خیرید -> خیریت at sentence index 874
OOV check failed for substitution: ہوگئی -> ہو at sentence index 874
Error processing insertion: 'NoneType' object has no attribute 'upos' at sentence index 874
OOV check failed for substitution: ضارور -> ضرور at sentence index 876
OOV check failed for substitution: ائینگی -> آئیں at sentence index 876
OOV check failed for insertion context around: گی at sentence index 876
OOV check failed for substitution: زراسل -> دراصل at sentence index 877
OOV check failed for substitution: اسالام -> اسلام at sentence index 878
OOV check failed for substitution: عوالیکوم -> علیکم at sentence index 878
Error processing insertion: 'NoneType' object has no attribute 'upos' at sentence index 879
OOV check failed for substitution: کوذارش -> گزارش at sentence index 880
OOV check failed for substitution: ذرور -> ضرور at sentence index 880
OOV check failed for substitution: شوک -> شوق at sentence index 881
OOV check failed for substitution: جھٹائی -> جیتائے at sentence index 883
OOV check failed for substitution: پرتوگل -> پرتگال at sentence index 884
OOV check failed for substitution: ایئورو -> یورو at sentence index 885
OOV check failed for substitution: جاہنپ -> چھلانگ at sentence index 886
OOV check failed for substitution: مرتبا -> مرتبہ at sentence index 887
OOV check failed for substitution: اعمر -> عامر at sentence index 891
OOV check failed for substitution: بارسالونا -> بارسلونا at sentence index 893
OOV check failed for deletion context around: خود at sentence index 897
OOV check failed for substitution: آتے -> آتا at sentence index 898
OOV check failed for substitution: ہو -> ہوئے at sentence index 899
OOV check failed for deleted word: آئینگے at sentence index 901
OOV check failed for deletion context around: اور at sentence index 901
OOV check failed for insertion context around: کہ at sentence index 902
OOV check failed for inserted word: آپ at sentence index 902
Error processing insertion: 'NoneType' object has no attribute 'upos' at sentence index 905
OOV check failed for insertion context around: سکوں at sentence index 905
OOV check failed for deletion context around: سے at sentence index 907
OOV check failed for deletion context around: مندی at sentence index 908
OOV check failed for substitution: ملگئی -> گیا at sentence index 908
OOV check failed for deletion context around: کے at sentence index 910
OOV check failed for insertion context around: ہیں at sentence index 915
OOV check failed for deletion context around: ہے at sentence index 917
OOV check failed for deletion context around: ان at sentence index 921
OOV check failed for substitution: ﷺ -> آپﷺ at sentence index 921
OOV check failed for substitution: آئیں -> آئے at sentence index 921
OOV check failed for substitution: آپا -> آپ at sentence index 922
Error processing substitution: list index out of range at sentence index 924
OOV check failed for substitution: بنجاتا -> بنا at sentence index 925
OOV check failed for substitution: بتاؤ -> بتاؤں at sentence index 927
OOV check failed for substitution: چلائے -> چلائیں at sentence index 931
OOV check failed for substitution: جائے -> جائیں at sentence index 936
OOV check failed for substitution: دکھائی -> دکھاتی at sentence index 942
OOV check failed for insertion context around: ہیں at sentence index 943
OOV check failed for insertion context around: کے at sentence index 944
OOV check failed for substitution: کئیں -> کئی at sentence index 946
OOV check failed for substitution: کرائی -> کروائی at sentence index 947
OOV check failed for insertion context around: نے at sentence index 948
OOV check failed for insertion context around: سے at sentence index 960
OOV check failed for substitution: ہوئی -> ہوئے at sentence index 962
OOV check failed for substitution: آخرے -> آخری at sentence index 966
OOV check failed for substitution: جائیے -> جائیں at sentence index 972
OOV check failed for inserted word: آتا at sentence index 974
OOV check failed for deletion context around: کا at sentence index 978
OOV check failed for substitution: اپنائے -> اپنایا at sentence index 979
OOV check failed for substitution: لائے -> لائیں at sentence index 983
OOV check failed for substitution: ڈالے -> پائے at sentence index 989
OOV check failed for insertion context around: جاتے at sentence index 989
OOV check failed for insertion context around: ہیں at sentence index 989
OOV check failed for inserted word: وجہِ at sentence index 991
OOV check failed for substitution: منگا -> منگواۓ at sentence index 993
OOV check failed for deleted word: ۓ at sentence index 993
OOV check failed for insertion context around: تو at sentence index 996
OOV check failed for substitution: بولین -> کہیں at sentence index 998
OOV check failed for substitution: ہوئی -> ہوئے at sentence index 1002
OOV check failed for substitution: واپسے -> واپس at sentence index 1007
OOV check failed for substitution: ہورہے -> ہورہا at sentence index 1007
OOV check failed for inserted word: گئی at sentence index 1015
OOV check failed for substitution: ہوئی -> ہوئیں at sentence index 1017
OOV check failed for insertion context around: ہے at sentence index 1025
OOV check failed for substitution: تصویرکش -> تصویرکشی at sentence index 1029
OOV check failed for deletion context around: کرتی at sentence index 1029
OOV check failed for deleted word: ہوئی at sentence index 1029
OOV check failed for deletion context around: نظم at sentence index 1029
OOV check failed for deletion context around: اور at sentence index 1040
OOV check failed for insertion context around: میں at sentence index 1041
OOV check failed for insertion context around: نے at sentence index 1041
OOV check failed for deletion context around: کری at sentence index 1041
OOV check failed for deletion context around: نظم at sentence index 1041
OOV check failed for insertion context around: تھی at sentence index 1042
OOV check failed for substitution: گئے -> گے at sentence index 1043
OOV check failed for deletion context around: اپنے at sentence index 1048
OOV check failed for inserted word: وُہ at sentence index 1063
OOV check failed for substitution: اِسی -> اِس at sentence index 1063
OOV check failed for substitution: بڑھائے -> بڑھائیں at sentence index 1066
OOV check failed for substitution: نعمتے -> نعمتیں at sentence index 1070
OOV check failed for insertion context around: ہے at sentence index 1076
OOV check failed for insertion context around: کہتے at sentence index 1077
OOV check failed for substitution: گئی -> گیا at sentence index 1083
OOV check failed for deleted word: جائے at sentence index 1087
OOV check failed for insertion context around: ہیں at sentence index 1095
OOV check failed for insertion context around: ہیں at sentence index 1097
OOV check failed for deletion context around: ہے at sentence index 1100
OOV check failed for substitution: آیا -> کیا at sentence index 1102
OOV check failed for insertion context around: موہن at sentence index 1106
OOV check failed for insertion context around: اور at sentence index 1107
OOV check failed for substitution: جاتے -> جائے at sentence index 1112
OOV check failed for deletion context around: چچا at sentence index 1119
OOV check failed for substitution: کبابی -> وہ at sentence index 1119
OOV check failed for substitution: کہلائے -> کہلاتے at sentence index 1122
OOV check failed for insertion context around: تھے at sentence index 1122
OOV check failed for substitution: کہلائے -> کہلاتے at sentence index 1124
OOV check failed for insertion context around: تھے at sentence index 1124
Error processing insertion: 'NoneType' object has no attribute 'upos' at sentence index 1129
OOV check failed for insertion context around: اور at sentence index 1139
Error processing substitution: list index out of range at sentence index 1140
OOV check failed for insertion context around: بے at sentence index 1143
OOV check failed for substitution: ہو -> ہوگئے at sentence index 1150
OOV check failed for substitution: گئے -> اور at sentence index 1150
OOV check failed for substitution: حاص -> خاص at sentence index 1151
OOV check failed for deletion context around: کہ at sentence index 1152
OOV check failed for substitution: دوستے -> ہفتے at sentence index 1152
OOV check failed for deleted word: غزت at sentence index 1152
OOV check failed for substitution: گھرنازل -> نازل at sentence index 1152
OOV check failed for substitution: جائےگی -> جائے at sentence index 1154
OOV check failed for insertion context around: گی at sentence index 1154
OOV check failed for substitution: اس -> اُس at sentence index 1155
OOV check failed for substitution: لیے -> لئے at sentence index 1156
OOV check failed for substitution: لحاظا -> کہ at sentence index 1156
OOV check failed for insertion context around: اس at sentence index 1156
Error processing insertion: list index out of range at sentence index 1157
Error processing insertion: list index out of range at sentence index 1157
OOV check failed for insertion context around: جبکہ at sentence index 1158
OOV check failed for insertion context around: ہیں at sentence index 1158
OOV check failed for insertion context around: ہے at sentence index 1166
OOV check failed for inserted word: ہوئی at sentence index 1193
OOV check failed for insertion context around: ہے at sentence index 1193
OOV check failed for substitution: ہوئے -> رہے at sentence index 1195
OOV check failed for substitution: گئی -> جائی at sentence index 1198
OOV check failed for insertion context around: ہے at sentence index 1198
OOV check failed for insertion context around: اسکی at sentence index 1198
OOV check failed for deletion context around: کی at sentence index 1199
OOV check failed for insertion context around: ہے at sentence index 1200
OOV check failed for substitution: آب -> اب at sentence index 1204
OOV check failed for insertion context around: اور at sentence index 1206
OOV check failed for deletion context around: نے at sentence index 1207
OOV check failed for substitution: گئے -> کر at sentence index 1209
OOV check failed for substitution: شائستہ -> شائستگی at sentence index 1210
OOV check failed for insertion context around: ہے at sentence index 1211
OOV check failed for insertion context around: ہے at sentence index 1211
OOV check failed for insertion context around: ہے at sentence index 1212
OOV check failed for substitution: ابتدائے -> ابتدائی at sentence index 1214
OOV check failed for deletion context around: علامہ at sentence index 1215
OOV check failed for deleted word: گئے at sentence index 1217
Error processing insertion: 'NoneType' object has no attribute 'upos' at sentence index 1223
OOV check failed for substitution: آپ -> ہم at sentence index 1231
OOV check failed for insertion context around: اسکا at sentence index 1231
OOV check failed for substitution: طرقے -> طریقا at sentence index 1231
OOV check failed for insertion context around: چاہیے at sentence index 1231
OOV check failed for substitution: مسئلہ -> مسئلے at sentence index 1233
OOV check failed for substitution: آئے -> ہو at sentence index 1238
OOV check failed for substitution: ہو -> ہوئی at sentence index 1239
OOV check failed for substitution: بھارے -> بارے at sentence index 1244
OOV check failed for insertion context around: ہے at sentence index 1245
OOV check failed for substitution: چائی -> چاہیے at sentence index 1250
OOV check failed for deletion context around: یہ at sentence index 1250
OOV check failed for substitution: بنایا -> بنائے at sentence index 1261
OOV check failed for inserted word: آپ at sentence index 1268
OOV check failed for insertion context around: اس at sentence index 1271
OOV check failed for deletion context around: یہ at sentence index 1279
OOV check failed for inserted word: آئی at sentence index 1280
OOV check failed for substitution: لکڑا -> لکڑی at sentence index 1297
OOV check failed for insertion context around: تھا at sentence index 1301
OOV check failed for substitution: بتاؤ -> بتاؤں at sentence index 1303
OOV check failed for substitution: لکڑا -> لکڑی at sentence index 1309
OOV check failed for substitution: گئی -> گے at sentence index 1311
OOV check failed for substitution: آپ -> تمہیں at sentence index 1312
OOV check failed for deletion context around: کو at sentence index 1312
OOV check failed for substitution: بڑا -> بڑ۱ at sentence index 1313
OOV check failed for substitution: تورے -> توڑے at sentence index 1313
OOV check failed for substitution: اچھیں -> اچھی at sentence index 1314
OOV check failed for substitution: ان -> انھون at sentence index 1334
OOV check failed for deletion context around: ہے at sentence index 1341
OOV check failed for substitution: آپ -> آپ at sentence index 1352
OOV check failed for substitution: رکھیئے -> رکھیں at sentence index 1356
OOV check failed for substitution: رکھیئے -> رکھیں at sentence index 1359
OOV check failed for substitution: فوائدمند -> فائدےمند at sentence index 1375
OOV check failed for deletion context around: ہے at sentence index 1376
OOV check failed for substitution: کاٹتے -> کاٹوں at sentence index 1376
Error processing substitution: list index out of range at sentence index 1377
OOV check failed for deletion context around: کا at sentence index 1378
OOV check failed for substitution: بتاوٰں -> بتائیں at sentence index 1382
OOV check failed for insertion context around: کام at sentence index 1416
OOV check failed for substitution: جائے -> جائیں at sentence index 1417
OOV check failed for deletion context around: ہے at sentence index 1420
OOV check failed for deletion context around: کو at sentence index 1420
OOV check failed for substitution: بتائے -> پہنچائیں at sentence index 1420
OOV check failed for substitution: پائے -> پائیں at sentence index 1420
OOV check failed for deletion context around: ہے at sentence index 1421
OOV check failed for inserted word: جائے at sentence index 1422
OOV check failed for insertion context around: اگر at sentence index 1424
OOV check failed for substitution: جائے -> جائیں at sentence index 1432
OOV check failed for insertion context around: کرنا at sentence index 1432
OOV check failed for inserted word: چاہیئے at sentence index 1432
OOV check failed for deletion context around: ہیں at sentence index 1444
OOV check failed for substitution: جائیں -> جاوٰ at sentence index 1448
OOV check failed for insertion context around: سے at sentence index 1452
OOV check failed for substitution: بنایا -> بنائی at sentence index 1459
OOV check failed for insertion context around: ہے at sentence index 1461
OOV check failed for substitution: جاسکے -> جاسکیں at sentence index 1462
OOV check failed for substitution: آئے -> آئیں at sentence index 1465
OOV check failed for substitution: پائے -> پائیں at sentence index 1465
OOV check failed for substitution: جائے -> جائیں at sentence index 1465
OOV check failed for substitution: آؤں -> آؤ at sentence index 1469
OOV check failed for substitution: آؤں -> آؤ at sentence index 1471
OOV check failed for substitution: گئ -> گی at sentence index 1472
OOV check failed for substitution: ہوگئے -> گے at sentence index 1472
OOV check failed for substitution: آئے -> آئیں at sentence index 1478
OOV check failed for substitution: آجاؤں -> آجاؤ at sentence index 1481
OOV check failed for substitution: آجاؤں -> آجائیں at sentence index 1482
OOV check failed for deletion context around: میں at sentence index 1483
OOV check failed for substitution: آجاؤں -> آجائیں at sentence index 1483
OOV check failed for substitution: جارہے -> جارہی at sentence index 1484
OOV check failed for substitution: کھائے -> کھائیں at sentence index 1490
OOV check failed for substitution: گئے -> گے at sentence index 1491
OOV check failed for substitution: آئے -> آئیں at sentence index 1492
OOV check failed for substitution: ہوگئے -> ہوگئ at sentence index 1498
OOV check failed for substitution: منائے -> منائیں at sentence index 1500
OOV check failed for substitution: چلیگے -> چلیں at sentence index 1500
OOV check failed for insertion context around: گے at sentence index 1500
OOV check failed for substitution: چلیگے -> چلیں at sentence index 1500
OOV check failed for substitution: آؤ -> آؤں at sentence index 1505
OOV check failed for substitution: جائے -> جائیں at sentence index 1507
OOV check failed for substitution: گے -> گئے at sentence index 1508
OOV check failed for substitution: بتا -> بتاؤں at sentence index 1511
OOV check failed for substitution: جائے -> جائیں at sentence index 1512
OOV check failed for substitution: آئے -> آئیں at sentence index 1524
OOV check failed for substitution: کھائے -> کھائیں at sentence index 1525
OOV check failed for substitution: گئی -> گئیں at sentence index 1527
OOV check failed for substitution: کرلو -> کرلوں at sentence index 1531
OOV check failed for insertion context around: اور at sentence index 1532
OOV check failed for insertion context around: میں at sentence index 1532
OOV check failed for substitution: جاؤں -> جاؤ at sentence index 1533
OOV check failed for deletion context around: کے at sentence index 1550
OOV check failed for substitution: آیا -> آئی at sentence index 1552
OOV check failed for substitution: ہھری -> ہھرے at sentence index 1558
OOV check failed for substitution: کسی -> کوئی at sentence index 1559
OOV check failed for substitution: کہی -> کئی at sentence index 1562
OOV check failed for substitution: کہی -> کئی at sentence index 1564
OOV check failed for substitution: کہی -> کئی at sentence index 1565
OOV check failed for insertion context around: ہیں at sentence index 1565
OOV check failed for substitution: چہچہاتے -> چہچہاتی at sentence index 1565
OOV check failed for substitution: ہوئے -> ہوئی at sentence index 1565
OOV check failed for substitution: کردیا -> کردی at sentence index 1571
OOV check failed for substitution: بچائے -> بچائوں at sentence index 1572
OOV check failed for insertion context around: کریں at sentence index 1577
OOV check failed for insertion context around: کی at sentence index 1578
OOV check failed for insertion context around: کی at sentence index 1579
OOV check failed for substitution: گی -> گئی at sentence index 1580
OOV check failed for substitution: اچھہے -> اچھہا at sentence index 1588
OOV check failed for insertion context around: تھا at sentence index 1591
OOV check failed for substitution: پاؤ -> پاؤں at sentence index 1595
OOV check failed for deletion context around: تھے at sentence index 1599
